// Jest Snapshot v1, https://goo.gl/fbAQLP

exports[`CommentPage snapshot 1`] = `
<div>
  <div
    class="container_comments"
  >
    <h1>
      Comments Post id # 
      1
    </h1>
    <div
      class="comments"
    >
      Comment 1
    </div>
    <div
      class="comments"
    >
      Comment 2
    </div>
    <button
      class="MuiButtonBase-root MuiButton-root MuiButton-text MuiButton-textPrimary MuiButton-sizeMedium MuiButton-textSizeMedium MuiButton-root MuiButton-text MuiButton-textPrimary MuiButton-sizeMedium MuiButton-textSizeMedium css-1465nk4-MuiButtonBase-root-MuiButton-root"
      tabindex="0"
      type="button"
    >
      Add Comment
      <span
        class="MuiTouchRipple-root css-8je8zh-MuiTouchRipple-root"
      />
    </button>
  </div>
</div>
`;
